{
  "version": "1.5.0",
  "plugins_used": [
    {
      "name": "ArtifactoryDetector"
    },
    {
      "name": "AWSKeyDetector"
    },
    {
      "name": "AzureStorageKeyDetector"
    },
    {
      "name": "Base64HighEntropyString",
      "limit": 4.5
    },
    {
      "name": "BasicAuthDetector"
    },
    {
      "name": "CloudantDetector"
    },
    {
      "name": "DiscordBotTokenDetector"
    },
    {
      "name": "GitHubTokenDetector"
    },
    {
      "name": "GitLabTokenDetector"
    },
    {
      "name": "HexHighEntropyString",
      "limit": 3.0
    },
    {
      "name": "IbmCloudIamDetector"
    },
    {
      "name": "IbmCosHmacDetector"
    },
    {
      "name": "IPPublicDetector"
    },
    {
      "name": "JwtTokenDetector"
    },
    {
      "name": "KeywordDetector",
      "keyword_exclude": ""
    },
    {
      "name": "MailchimpDetector"
    },
    {
      "name": "NpmDetector"
    },
    {
      "name": "OpenAIDetector"
    },
    {
      "name": "PrivateKeyDetector"
    },
    {
      "name": "PypiTokenDetector"
    },
    {
      "name": "SendGridDetector"
    },
    {
      "name": "SlackDetector"
    },
    {
      "name": "SoftlayerDetector"
    },
    {
      "name": "SquareOAuthDetector"
    },
    {
      "name": "StripeDetector"
    },
    {
      "name": "TelegramBotTokenDetector"
    },
    {
      "name": "TwilioKeyDetector"
    }
  ],
  "filters_used": [
    {
      "path": "detect_secrets.filters.allowlist.is_line_allowlisted"
    },
    {
      "path": "detect_secrets.filters.common.is_baseline_file",
      "filename": ".secrets.baseline"
    },
    {
      "path": "detect_secrets.filters.common.is_ignored_due_to_verification_policies",
      "min_level": 2
    },
    {
      "path": "detect_secrets.filters.heuristic.is_indirect_reference"
    },
    {
      "path": "detect_secrets.filters.heuristic.is_likely_id_string"
    },
    {
      "path": "detect_secrets.filters.heuristic.is_lock_file"
    },
    {
      "path": "detect_secrets.filters.heuristic.is_not_alphanumeric_string"
    },
    {
      "path": "detect_secrets.filters.heuristic.is_potential_uuid"
    },
    {
      "path": "detect_secrets.filters.heuristic.is_prefixed_with_dollar_sign"
    },
    {
      "path": "detect_secrets.filters.heuristic.is_sequential_string"
    },
    {
      "path": "detect_secrets.filters.heuristic.is_swagger_file"
    },
    {
      "path": "detect_secrets.filters.heuristic.is_templated_secret"
    },
    {
      "path": "detect_secrets.filters.regex.should_exclude_file",
      "pattern": [
        "^\\.venv/|^\\.pytest_cache/|^dist/|^uv\\.lock$|^\\.git/"
      ]
    }
  ],
  "results": {
    ".github/workflows/ci.yml": [
      {
        "type": "Base64 High Entropy String",
        "filename": ".github/workflows/ci.yml",
        "hashed_secret": "45884f24345c457601291b03454c440149e1770d",
        "is_verified": false,
        "line_number": 139
      }
    ],
    ".github/workflows/release.yml": [
      {
        "type": "Base64 High Entropy String",
        "filename": ".github/workflows/release.yml",
        "hashed_secret": "45884f24345c457601291b03454c440149e1770d",
        "is_verified": false,
        "line_number": 182
      }
    ],
    "tests/fixtures/golden_vault.json": [
      {
        "type": "Hex High Entropy String",
        "filename": "tests/fixtures/golden_vault.json",
        "hashed_secret": "34f5d4bd1cfbbeb141f978bea865d7b4c9d1f35f",
        "is_verified": false,
        "line_number": 2
      },
      {
        "type": "Hex High Entropy String",
        "filename": "tests/fixtures/golden_vault.json",
        "hashed_secret": "3957d4b7b6002aaa8a1a67dd31551bbed056c5b1",
        "is_verified": false,
        "line_number": 3
      },
      {
        "type": "Hex High Entropy String",
        "filename": "tests/fixtures/golden_vault.json",
        "hashed_secret": "f5850d2c1f37e63de4dcb68a46964aeb882d1aa6",
        "is_verified": false,
        "line_number": 4
      },
      {
        "type": "Hex High Entropy String",
        "filename": "tests/fixtures/golden_vault.json",
        "hashed_secret": "6b6c291a0b6a67e6507dec92c42c09c7bf70d78e",
        "is_verified": false,
        "line_number": 5
      },
      {
        "type": "Hex High Entropy String",
        "filename": "tests/fixtures/golden_vault.json",
        "hashed_secret": "c6e0e4f12f61b63968b7bbb2c9fd67904260f930",
        "is_verified": false,
        "line_number": 6
      },
      {
        "type": "Hex High Entropy String",
        "filename": "tests/fixtures/golden_vault.json",
        "hashed_secret": "42add0e92336da9f0364d8f3dc4b9cbd6980cb6e",
        "is_verified": false,
        "line_number": 7
      },
      {
        "type": "Hex High Entropy String",
        "filename": "tests/fixtures/golden_vault.json",
        "hashed_secret": "e2d7e52b98b89adceab396f02d97552df97dfd47",
        "is_verified": false,
        "line_number": 8
      },
      {
        "type": "Hex High Entropy String",
        "filename": "tests/fixtures/golden_vault.json",
        "hashed_secret": "1f2bb1c0099d0a7103c7aac1b363babf320fb91c",
        "is_verified": false,
        "line_number": 9
      },
      {
        "type": "Hex High Entropy String",
        "filename": "tests/fixtures/golden_vault.json",
        "hashed_secret": "e561c59ab8585420266bfe6251e1a6376fc470fb",
        "is_verified": false,
        "line_number": 10
      },
      {
        "type": "Hex High Entropy String",
        "filename": "tests/fixtures/golden_vault.json",
        "hashed_secret": "8a9955eef3f0121087f8374989e6eaa709832260",
        "is_verified": false,
        "line_number": 11
      },
      {
        "type": "Hex High Entropy String",
        "filename": "tests/fixtures/golden_vault.json",
        "hashed_secret": "dc2b07d94ba0c5ffbb354e3d8a3287fb83643ee1",
        "is_verified": false,
        "line_number": 12
      },
      {
        "type": "Hex High Entropy String",
        "filename": "tests/fixtures/golden_vault.json",
        "hashed_secret": "fcbabb77ae1625215d1f50a3ef3a5fba1c6e3f29",
        "is_verified": false,
        "line_number": 13
      },
      {
        "type": "Hex High Entropy String",
        "filename": "tests/fixtures/golden_vault.json",
        "hashed_secret": "584838661308b723a62f04d4cfd48a3b0ca1cf35",
        "is_verified": false,
        "line_number": 14
      },
      {
        "type": "Hex High Entropy String",
        "filename": "tests/fixtures/golden_vault.json",
        "hashed_secret": "b80fda21d18b1a87d589c588822358c8407c9f02",
        "is_verified": false,
        "line_number": 15
      },
      {
        "type": "Hex High Entropy String",
        "filename": "tests/fixtures/golden_vault.json",
        "hashed_secret": "f0773ee55e46e7110b6b45ab3b2fbb4df100bcce",
        "is_verified": false,
        "line_number": 16
      },
      {
        "type": "Hex High Entropy String",
        "filename": "tests/fixtures/golden_vault.json",
        "hashed_secret": "fd78f9892ff194006046fd2cffb9f694c568433f",
        "is_verified": false,
        "line_number": 17
      },
      {
        "type": "Hex High Entropy String",
        "filename": "tests/fixtures/golden_vault.json",
        "hashed_secret": "21df0adc8c43505f9f59ee142a4a7144e4d747aa",
        "is_verified": false,
        "line_number": 18
      },
      {
        "type": "Hex High Entropy String",
        "filename": "tests/fixtures/golden_vault.json",
        "hashed_secret": "6ff6300534da5556d19dcbc0dc1e402b8563dbcc",
        "is_verified": false,
        "line_number": 19
      },
      {
        "type": "Hex High Entropy String",
        "filename": "tests/fixtures/golden_vault.json",
        "hashed_secret": "03e66c0ba2f26daca2b671b6760f2a87da402a1b",
        "is_verified": false,
        "line_number": 20
      },
      {
        "type": "Hex High Entropy String",
        "filename": "tests/fixtures/golden_vault.json",
        "hashed_secret": "46ddf49c5737e4fd9f21fd5a722ab0104eaa3407",
        "is_verified": false,
        "line_number": 21
      },
      {
        "type": "Hex High Entropy String",
        "filename": "tests/fixtures/golden_vault.json",
        "hashed_secret": "3f6cfccd115f47f2bfb221ef52a7011c5fc9c054",
        "is_verified": false,
        "line_number": 22
      },
      {
        "type": "Hex High Entropy String",
        "filename": "tests/fixtures/golden_vault.json",
        "hashed_secret": "d7ff416004b2edcb527a3eda2273b89ab0c1b883",
        "is_verified": false,
        "line_number": 27
      },
      {
        "type": "Hex High Entropy String",
        "filename": "tests/fixtures/golden_vault.json",
        "hashed_secret": "d9483c9db3548f4a1fc264f36f8722310d7596e0",
        "is_verified": false,
        "line_number": 32
      },
      {
        "type": "Hex High Entropy String",
        "filename": "tests/fixtures/golden_vault.json",
        "hashed_secret": "1aca7c2d3adcf38cc104a564d7dfae64cca93223",
        "is_verified": false,
        "line_number": 33
      },
      {
        "type": "Hex High Entropy String",
        "filename": "tests/fixtures/golden_vault.json",
        "hashed_secret": "4cdf9c61799c9cc9867bbfe68c8a387e9a9e32db",
        "is_verified": false,
        "line_number": 34
      },
      {
        "type": "Hex High Entropy String",
        "filename": "tests/fixtures/golden_vault.json",
        "hashed_secret": "ea4d48a675710a4ed9690e38e0081edc2417b0e1",
        "is_verified": false,
        "line_number": 36
      },
      {
        "type": "Hex High Entropy String",
        "filename": "tests/fixtures/golden_vault.json",
        "hashed_secret": "5236a7caf9b7326c1d3194a2a3d5aeff819dad01",
        "is_verified": false,
        "line_number": 37
      },
      {
        "type": "Hex High Entropy String",
        "filename": "tests/fixtures/golden_vault.json",
        "hashed_secret": "a5e8ca33c43e86a50a92b68e52dcdc2c59d98d9b",
        "is_verified": false,
        "line_number": 40
      },
      {
        "type": "Hex High Entropy String",
        "filename": "tests/fixtures/golden_vault.json",
        "hashed_secret": "670261c26ea7b69cce82a8ad75f392d5c8efa9d4",
        "is_verified": false,
        "line_number": 43
      },
      {
        "type": "Hex High Entropy String",
        "filename": "tests/fixtures/golden_vault.json",
        "hashed_secret": "88a0c6f07f6c024842ad21fd5df7cd69589408f8",
        "is_verified": false,
        "line_number": 45
      },
      {
        "type": "Hex High Entropy String",
        "filename": "tests/fixtures/golden_vault.json",
        "hashed_secret": "9338d4596b16550f5a9a5313681c26ff30b4ce24",
        "is_verified": false,
        "line_number": 47
      },
      {
        "type": "Hex High Entropy String",
        "filename": "tests/fixtures/golden_vault.json",
        "hashed_secret": "a0f30b7caa47fc8a8388654a5b5d1fd4bf300ad0",
        "is_verified": false,
        "line_number": 48
      }
    ],
    "tests/test_installers.py": [
      {
        "type": "Base64 High Entropy String",
        "filename": "tests/test_installers.py",
        "hashed_secret": "cea15f42648a4bcf686533c715966341648db186",
        "is_verified": false,
        "line_number": 406
      }
    ]
  },
  "generated_at": "2026-08-30T06:49:12Z"
}
