{
  "version": "1.5.0",
  "plugins_used": [
    {
      "name": "ArtifactoryDetector"
    },
    {
      "name": "AWSKeyDetector"
    },
    {
      "name": "AzureStorageKeyDetector"
    },
    {
      "name": "Base64HighEntropyString",
      "limit": 4.5
    },
    {
      "name": "BasicAuthDetector"
    },
    {
      "name": "CloudantDetector"
    },
    {
      "name": "DiscordBotTokenDetector"
    },
    {
      "name": "GitHubTokenDetector"
    },
    {
      "name": "GitLabTokenDetector"
    },
    {
      "name": "HexHighEntropyString",
      "limit": 3.0
    },
    {
      "name": "IbmCloudIamDetector"
    },
    {
      "name": "IbmCosHmacDetector"
    },
    {
      "name": "IPPublicDetector"
    },
    {
      "name": "JwtTokenDetector"
    },
    {
      "name": "KeywordDetector",
      "keyword_exclude": ""
    },
    {
      "name": "MailchimpDetector"
    },
    {
      "name": "NpmDetector"
    },
    {
      "name": "OpenAIDetector"
    },
    {
      "name": "PrivateKeyDetector"
    },
    {
      "name": "PypiTokenDetector"
    },
    {
      "name": "SendGridDetector"
    },
    {
      "name": "SlackDetector"
    },
    {
      "name": "SoftlayerDetector"
    },
    {
      "name": "SquareOAuthDetector"
    },
    {
      "name": "StripeDetector"
    },
    {
      "name": "TelegramBotTokenDetector"
    },
    {
      "name": "TwilioKeyDetector"
    }
  ],
  "filters_used": [
    {
      "path": "detect_secrets.filters.allowlist.is_line_allowlisted"
    },
    {
      "path": "detect_secrets.filters.common.is_baseline_file",
      "filename": ".secrets.baseline"
    },
    {
      "path": "detect_secrets.filters.common.is_ignored_due_to_verification_policies",
      "min_level": 2
    },
    {
      "path": "detect_secrets.filters.heuristic.is_indirect_reference"
    },
    {
      "path": "detect_secrets.filters.heuristic.is_likely_id_string"
    },
    {
      "path": "detect_secrets.filters.heuristic.is_lock_file"
    },
    {
      "path": "detect_secrets.filters.heuristic.is_not_alphanumeric_string"
    },
    {
      "path": "detect_secrets.filters.heuristic.is_potential_uuid"
    },
    {
      "path": "detect_secrets.filters.heuristic.is_prefixed_with_dollar_sign"
    },
    {
      "path": "detect_secrets.filters.heuristic.is_sequential_string"
    },
    {
      "path": "detect_secrets.filters.heuristic.is_swagger_file"
    },
    {
      "path": "detect_secrets.filters.heuristic.is_templated_secret"
    },
    {
      "path": "detect_secrets.filters.regex.should_exclude_file",
      "pattern": [
        "^\\.venv/|^\\.pytest_cache/|^dist/|^uv\\.lock$|^\\.git/"
      ]
    }
  ],
  "results": {
    ".github/workflows/ci.yml": [
      {
        "type": "Base64 High Entropy String",
        "filename": ".github/workflows/ci.yml",
        "hashed_secret": "45884f24345c457601291b03454c440149e1770d",
        "is_verified": false,
        "line_number": 149
      }
    ],
    ".github/workflows/release.yml": [
      {
        "type": "Base64 High Entropy String",
        "filename": ".github/workflows/release.yml",
        "hashed_secret": "45884f24345c457601291b03454c440149e1770d",
        "is_verified": false,
        "line_number": 185
      }
    ],
    "tests/fixtures/golden_vault.json": [
      {
        "type": "Hex High Entropy String",
        "filename": "tests/fixtures/golden_vault.json",
        "hashed_secret": "59f738548415d12688ec051c012d0a63f784cc5b",
        "is_verified": false,
        "line_number": 2
      },
      {
        "type": "Hex High Entropy String",
        "filename": "tests/fixtures/golden_vault.json",
        "hashed_secret": "3957d4b7b6002aaa8a1a67dd31551bbed056c5b1",
        "is_verified": false,
        "line_number": 3
      },
      {
        "type": "Hex High Entropy String",
        "filename": "tests/fixtures/golden_vault.json",
        "hashed_secret": "4b8d5c3e2fddcffc2654acb9a3a45ed09566db55",
        "is_verified": false,
        "line_number": 4,
        "is_secret": false
      },
      {
        "type": "Hex High Entropy String",
        "filename": "tests/fixtures/golden_vault.json",
        "hashed_secret": "6b6c291a0b6a67e6507dec92c42c09c7bf70d78e",
        "is_verified": false,
        "line_number": 5
      },
      {
        "type": "Hex High Entropy String",
        "filename": "tests/fixtures/golden_vault.json",
        "hashed_secret": "c6e0e4f12f61b63968b7bbb2c9fd67904260f930",
        "is_verified": false,
        "line_number": 6
      },
      {
        "type": "Hex High Entropy String",
        "filename": "tests/fixtures/golden_vault.json",
        "hashed_secret": "c8c140a136e7c4ecdf3941984b65cf48a6bb3b6b",
        "is_verified": false,
        "line_number": 7
      },
      {
        "type": "Hex High Entropy String",
        "filename": "tests/fixtures/golden_vault.json",
        "hashed_secret": "e2d7e52b98b89adceab396f02d97552df97dfd47",
        "is_verified": false,
        "line_number": 8
      },
      {
        "type": "Hex High Entropy String",
        "filename": "tests/fixtures/golden_vault.json",
        "hashed_secret": "10f10de4abf1447c2bc39b9efbd3d7ac03bca464",
        "is_verified": false,
        "line_number": 9,
        "is_secret": false
      },
      {
        "type": "Hex High Entropy String",
        "filename": "tests/fixtures/golden_vault.json",
        "hashed_secret": "e38c8d87a4fdbb4e05002bce162fd31127cc4546",
        "is_verified": false,
        "line_number": 10
      },
      {
        "type": "Hex High Entropy String",
        "filename": "tests/fixtures/golden_vault.json",
        "hashed_secret": "2cc7cafd9e08ef6fd4d7c69623ca7e67886f5f6c",
        "is_verified": false,
        "line_number": 11,
        "is_secret": false
      },
      {
        "type": "Hex High Entropy String",
        "filename": "tests/fixtures/golden_vault.json",
        "hashed_secret": "8a9955eef3f0121087f8374989e6eaa709832260",
        "is_verified": false,
        "line_number": 12
      },
      {
        "type": "Hex High Entropy String",
        "filename": "tests/fixtures/golden_vault.json",
        "hashed_secret": "dc2b07d94ba0c5ffbb354e3d8a3287fb83643ee1",
        "is_verified": false,
        "line_number": 13
      },
      {
        "type": "Hex High Entropy String",
        "filename": "tests/fixtures/golden_vault.json",
        "hashed_secret": "fcbabb77ae1625215d1f50a3ef3a5fba1c6e3f29",
        "is_verified": false,
        "line_number": 14
      },
      {
        "type": "Hex High Entropy String",
        "filename": "tests/fixtures/golden_vault.json",
        "hashed_secret": "584838661308b723a62f04d4cfd48a3b0ca1cf35",
        "is_verified": false,
        "line_number": 15
      },
      {
        "type": "Hex High Entropy String",
        "filename": "tests/fixtures/golden_vault.json",
        "hashed_secret": "b80fda21d18b1a87d589c588822358c8407c9f02",
        "is_verified": false,
        "line_number": 16
      },
      {
        "type": "Hex High Entropy String",
        "filename": "tests/fixtures/golden_vault.json",
        "hashed_secret": "f0773ee55e46e7110b6b45ab3b2fbb4df100bcce",
        "is_verified": false,
        "line_number": 17
      },
      {
        "type": "Hex High Entropy String",
        "filename": "tests/fixtures/golden_vault.json",
        "hashed_secret": "37039c8363480604dcd032d1b9c394e30f5360b2",
        "is_verified": false,
        "line_number": 18,
        "is_secret": false
      },
      {
        "type": "Hex High Entropy String",
        "filename": "tests/fixtures/golden_vault.json",
        "hashed_secret": "4e0f2e7e559aaa047b27f6043db7152c8eb78e77",
        "is_verified": false,
        "line_number": 19,
        "is_secret": false
      },
      {
        "type": "Hex High Entropy String",
        "filename": "tests/fixtures/golden_vault.json",
        "hashed_secret": "57a53796bb31baf2312b5f30983938765631a46e",
        "is_verified": false,
        "line_number": 20,
        "is_secret": false
      },
      {
        "type": "Hex High Entropy String",
        "filename": "tests/fixtures/golden_vault.json",
        "hashed_secret": "21df0adc8c43505f9f59ee142a4a7144e4d747aa",
        "is_verified": false,
        "line_number": 21
      },
      {
        "type": "Hex High Entropy String",
        "filename": "tests/fixtures/golden_vault.json",
        "hashed_secret": "6ff6300534da5556d19dcbc0dc1e402b8563dbcc",
        "is_verified": false,
        "line_number": 22
      },
      {
        "type": "Hex High Entropy String",
        "filename": "tests/fixtures/golden_vault.json",
        "hashed_secret": "03e66c0ba2f26daca2b671b6760f2a87da402a1b",
        "is_verified": false,
        "line_number": 23
      },
      {
        "type": "Hex High Entropy String",
        "filename": "tests/fixtures/golden_vault.json",
        "hashed_secret": "46ddf49c5737e4fd9f21fd5a722ab0104eaa3407",
        "is_verified": false,
        "line_number": 24
      },
      {
        "type": "Hex High Entropy String",
        "filename": "tests/fixtures/golden_vault.json",
        "hashed_secret": "3f6cfccd115f47f2bfb221ef52a7011c5fc9c054",
        "is_verified": false,
        "line_number": 25
      },
      {
        "type": "Hex High Entropy String",
        "filename": "tests/fixtures/golden_vault.json",
        "hashed_secret": "d7ff416004b2edcb527a3eda2273b89ab0c1b883",
        "is_verified": false,
        "line_number": 30
      },
      {
        "type": "Hex High Entropy String",
        "filename": "tests/fixtures/golden_vault.json",
        "hashed_secret": "d9483c9db3548f4a1fc264f36f8722310d7596e0",
        "is_verified": false,
        "line_number": 35
      },
      {
        "type": "Hex High Entropy String",
        "filename": "tests/fixtures/golden_vault.json",
        "hashed_secret": "1aca7c2d3adcf38cc104a564d7dfae64cca93223",
        "is_verified": false,
        "line_number": 36
      },
      {
        "type": "Hex High Entropy String",
        "filename": "tests/fixtures/golden_vault.json",
        "hashed_secret": "4cdf9c61799c9cc9867bbfe68c8a387e9a9e32db",
        "is_verified": false,
        "line_number": 37
      },
      {
        "type": "Hex High Entropy String",
        "filename": "tests/fixtures/golden_vault.json",
        "hashed_secret": "ea4d48a675710a4ed9690e38e0081edc2417b0e1",
        "is_verified": false,
        "line_number": 39
      },
      {
        "type": "Hex High Entropy String",
        "filename": "tests/fixtures/golden_vault.json",
        "hashed_secret": "5236a7caf9b7326c1d3194a2a3d5aeff819dad01",
        "is_verified": false,
        "line_number": 40
      },
      {
        "type": "Hex High Entropy String",
        "filename": "tests/fixtures/golden_vault.json",
        "hashed_secret": "a5e8ca33c43e86a50a92b68e52dcdc2c59d98d9b",
        "is_verified": false,
        "line_number": 45
      },
      {
        "type": "Hex High Entropy String",
        "filename": "tests/fixtures/golden_vault.json",
        "hashed_secret": "670261c26ea7b69cce82a8ad75f392d5c8efa9d4",
        "is_verified": false,
        "line_number": 48
      },
      {
        "type": "Hex High Entropy String",
        "filename": "tests/fixtures/golden_vault.json",
        "hashed_secret": "fca40782a837c60205bf9ed62cdffb048fbd7dc5",
        "is_verified": false,
        "line_number": 49,
        "is_secret": false
      },
      {
        "type": "Hex High Entropy String",
        "filename": "tests/fixtures/golden_vault.json",
        "hashed_secret": "88a0c6f07f6c024842ad21fd5df7cd69589408f8",
        "is_verified": false,
        "line_number": 51
      },
      {
        "type": "Hex High Entropy String",
        "filename": "tests/fixtures/golden_vault.json",
        "hashed_secret": "9338d4596b16550f5a9a5313681c26ff30b4ce24",
        "is_verified": false,
        "line_number": 53
      },
      {
        "type": "Hex High Entropy String",
        "filename": "tests/fixtures/golden_vault.json",
        "hashed_secret": "a0f30b7caa47fc8a8388654a5b5d1fd4bf300ad0",
        "is_verified": false,
        "line_number": 54
      }
    ],
    "tests/test_installers.py": [
      {
        "type": "Base64 High Entropy String",
        "filename": "tests/test_installers.py",
        "hashed_secret": "cea15f42648a4bcf686533c715966341648db186",
        "is_verified": false,
        "line_number": 424
      }
    ],
    "videos/a2l-cinematic/audio_meta.json": [
      {
        "type": "Hex High Entropy String",
        "filename": "videos/a2l-cinematic/audio_meta.json",
        "hashed_secret": "64d7f29e96c78fb1a3c99729f2f39d77d463da46",
        "is_verified": false,
        "line_number": 689,
        "is_secret": false
      },
      {
        "type": "Hex High Entropy String",
        "filename": "videos/a2l-cinematic/audio_meta.json",
        "hashed_secret": "06dc8464240d4d01d2d1ec2e480e1967ffbf2eeb",
        "is_verified": false,
        "line_number": 695,
        "is_secret": false
      },
      {
        "type": "Hex High Entropy String",
        "filename": "videos/a2l-cinematic/audio_meta.json",
        "hashed_secret": "3adb716ec8efe47f25a6038c4af1b6b6999643cf",
        "is_verified": false,
        "line_number": 701,
        "is_secret": false
      },
      {
        "type": "Hex High Entropy String",
        "filename": "videos/a2l-cinematic/audio_meta.json",
        "hashed_secret": "8d33271a336cb961ef3b7521eb1d01f60334d93f",
        "is_verified": false,
        "line_number": 707,
        "is_secret": false
      },
      {
        "type": "Hex High Entropy String",
        "filename": "videos/a2l-cinematic/audio_meta.json",
        "hashed_secret": "84f87038c156ed86205ee69d4000b6d527b91158",
        "is_verified": false,
        "line_number": 713,
        "is_secret": false
      },
      {
        "type": "Hex High Entropy String",
        "filename": "videos/a2l-cinematic/audio_meta.json",
        "hashed_secret": "746b8bf2a14a87853a3fb4af3bb06b456bb6a37e",
        "is_verified": false,
        "line_number": 719,
        "is_secret": false
      }
    ],
    "videos/a2l-cinematic/hyperframes.lock.json": [
      {
        "type": "Hex High Entropy String",
        "filename": "videos/a2l-cinematic/hyperframes.lock.json",
        "hashed_secret": "3ea80de510ec4e9e0fd694083c80b47498ec6e66",
        "is_verified": false,
        "line_number": 2,
        "is_secret": false
      },
      {
        "type": "Hex High Entropy String",
        "filename": "videos/a2l-cinematic/hyperframes.lock.json",
        "hashed_secret": "2e6d9d65ca3263b00c59389ba3e0ec255078aa17",
        "is_verified": false,
        "line_number": 3,
        "is_secret": false
      },
      {
        "type": "Hex High Entropy String",
        "filename": "videos/a2l-cinematic/hyperframes.lock.json",
        "hashed_secret": "f96ce2c270db9d4130e28bf20987ceca5918ccfa",
        "is_verified": false,
        "line_number": 4,
        "is_secret": false
      },
      {
        "type": "Hex High Entropy String",
        "filename": "videos/a2l-cinematic/hyperframes.lock.json",
        "hashed_secret": "8d230e0717bd53171aee0301bd175cac2f56cf78",
        "is_verified": false,
        "line_number": 5,
        "is_secret": false
      }
    ],
    "videos/a2l-cinematic/src/brand-variant.json": [
      {
        "type": "Hex High Entropy String",
        "filename": "videos/a2l-cinematic/src/brand-variant.json",
        "hashed_secret": "2ff77e1d41c2cd73bd876d1f7330dc227410af92",
        "is_verified": false,
        "line_number": 8,
        "is_secret": false
      },
      {
        "type": "Hex High Entropy String",
        "filename": "videos/a2l-cinematic/src/brand-variant.json",
        "hashed_secret": "8e8139bb12c30f6412d4af05bb69d44b02dc7c77",
        "is_verified": false,
        "line_number": 9,
        "is_secret": false
      },
      {
        "type": "Hex High Entropy String",
        "filename": "videos/a2l-cinematic/src/brand-variant.json",
        "hashed_secret": "29c5abc75652c8b1b19fbcfcd0a481ffaef01503",
        "is_verified": false,
        "line_number": 14,
        "is_secret": false
      },
      {
        "type": "Hex High Entropy String",
        "filename": "videos/a2l-cinematic/src/brand-variant.json",
        "hashed_secret": "722c2794c91687e0fcbfa30e668a56ba25053099",
        "is_verified": false,
        "line_number": 19,
        "is_secret": false
      }
    ]
  },
  "generated_at": "2026-09-12T05:12:25Z"
}
